108.11.18 21:50 B C:\Documents and Settings\Dave\My Documents\My Pictures\Schiff\Economy\01.gif --> ftp-www.earthlink.net /webdocs 01.gif
108.11.18 21:50 B C:\Documents and Settings\Dave\My Documents\My Pictures\Schiff\Economy\01.htm --> ftp-www.earthlink.net /webdocs 01.htm
108.11.18 21:50 B C:\Documents and Settings\Dave\My Documents\My Pictures\Schiff\Economy\02.gif --> ftp-www.earthlink.net /webdocs 02.gif
108.11.18 21:50 B C:\Documents and Settings\Dave\My Documents\My Pictures\Schiff\Economy\02.htm --> ftp-www.earthlink.net /webdocs 02.htm
108.11.18 21:50 B C:\Documents and Settings\Dave\My Documents\My Pictures\Schiff\Economy\03.gif --> ftp-www.earthlink.net /webdocs 03.gif
108.11.18 21:50 B C:\Documents and Settings\Dave\My Documents\My Pictures\Schiff\Economy\03.htm --> ftp-www.earthlink.net /webdocs 03.htm
108.11.18 21:50 B C:\Documents and Settings\Dave\My Documents\My Pictures\Schiff\Economy\04.gif --> ftp-www.earthlink.net /webdocs 04.gif
108.11.18 21:50 B C:\Documents and Settings\Dave\My Documents\My Pictures\Schiff\Economy\04.htm --> ftp-www.earthlink.net /webdocs 04.htm
108.11.18 21:50 B C:\Documents and Settings\Dave\My Documents\My Pictures\Schiff\Economy\05.gif --> ftp-www.earthlink.net /webdocs 05.gif
108.11.18 21:50 B C:\Documents and Settings\Dave\My Documents\My Pictures\Schiff\Economy\05.htm --> ftp-www.earthlink.net /webdocs 05.htm
108.11.18 21:50 B C:\Documents and Settings\Dave\My Documents\My Pictures\Schiff\Economy\06.gif --> ftp-www.earthlink.net /webdocs 06.gif
108.11.18 21:50 B C:\Documents and Settings\Dave\My Documents\My Pictures\Schiff\Economy\06.htm --> ftp-www.earthlink.net /webdocs 06.htm
108.11.18 21:50 B C:\Documents and Settings\Dave\My Documents\My Pictures\Schiff\Economy\07.gif --> ftp-www.earthlink.net /webdocs 07.gif
108.11.18 21:50 B C:\Documents and Settings\Dave\My Documents\My Pictures\Schiff\Economy\07.htm --> ftp-www.earthlink.net /webdocs 07.htm
108.11.18 21:50 B C:\Documents and Settings\Dave\My Documents\My Pictures\Schiff\Economy\08.gif --> ftp-www.earthlink.net /webdocs 08.gif
108.11.18 21:50 B C:\Documents and Settings\Dave\My Documents\My Pictures\Schiff\Economy\08.htm --> ftp-www.earthlink.net /webdocs 08.htm
108.11.18 21:50 B C:\Documents and Settings\Dave\My Documents\My Pictures\Schiff\Economy\09.gif --> ftp-www.earthlink.net /webdocs 09.gif
108.11.18 21:50 B C:\Documents and Settings\Dave\My Documents\My Pictures\Schiff\Economy\09.htm --> ftp-www.earthlink.net /webdocs 09.htm
108.11.18 21:50 B C:\Documents and Settings\Dave\My Documents\My Pictures\Schiff\Economy\10.gif --> ftp-www.earthlink.net /webdocs 10.gif
108.11.18 21:50 B C:\Documents and Settings\Dave\My Documents\My Pictures\Schiff\Economy\10.htm --> ftp-www.earthlink.net /webdocs 10.htm
108.11.18 21:50 B C:\Documents and Settings\Dave\My Documents\My Pictures\Schiff\Economy\11.gif --> ftp-www.earthlink.net /webdocs 11.gif
108.11.18 21:50 B C:\Documents and Settings\Dave\My Documents\My Pictures\Schiff\Economy\11.htm --> ftp-www.earthlink.net /webdocs 11.htm
108.11.18 21:50 B C:\Documents and Settings\Dave\My Documents\My Pictures\Schiff\Economy\12.gif --> ftp-www.earthlink.net /webdocs 12.gif
108.11.18 21:50 B C:\Documents and Settings\Dave\My Documents\My Pictures\Schiff\Economy\12.htm --> ftp-www.earthlink.net /webdocs 12.htm
108.11.18 21:50 B C:\Documents and Settings\Dave\My Documents\My Pictures\Schiff\Economy\13.gif --> ftp-www.earthlink.net /webdocs 13.gif
108.11.18 21:50 B C:\Documents and Settings\Dave\My Documents\My Pictures\Schiff\Economy\13.htm --> ftp-www.earthlink.net /webdocs 13.htm
108.11.18 21:50 B C:\Documents and Settings\Dave\My Documents\My Pictures\Schiff\Economy\14.gif --> ftp-www.earthlink.net /webdocs 14.gif
108.11.18 21:50 B C:\Documents and Settings\Dave\My Documents\My Pictures\Schiff\Economy\14.htm --> ftp-www.earthlink.net /webdocs 14.htm
108.11.18 21:50 B C:\Documents and Settings\Dave\My Documents\My Pictures\Schiff\Economy\15.gif --> ftp-www.earthlink.net /webdocs 15.gif
108.11.18 21:50 B C:\Documents and Settings\Dave\My Documents\My Pictures\Schiff\Economy\15.htm --> ftp-www.earthlink.net /webdocs 15.htm
108.11.18 21:50 B C:\Documents and Settings\Dave\My Documents\My Pictures\Schiff\Economy\16.gif --> ftp-www.earthlink.net /webdocs 16.gif
108.11.18 21:50 B C:\Documents and Settings\Dave\My Documents\My Pictures\Schiff\Economy\16.htm --> ftp-www.earthlink.net /webdocs 16.htm
108.11.18 21:50 B C:\Documents and Settings\Dave\My Documents\My Pictures\Schiff\Economy\17.gif --> ftp-www.earthlink.net /webdocs 17.gif
108.11.18 21:50 B C:\Documents and Settings\Dave\My Documents\My Pictures\Schiff\Economy\17.htm --> ftp-www.earthlink.net /webdocs 17.htm
108.11.18 21:50 B C:\Documents and Settings\Dave\My Documents\My Pictures\Schiff\Economy\18.gif --> ftp-www.earthlink.net /webdocs 18.gif
108.11.18 21:50 B C:\Documents and Settings\Dave\My Documents\My Pictures\Schiff\Economy\18.htm --> ftp-www.earthlink.net /webdocs 18.htm
108.11.18 21:50 B C:\Documents and Settings\Dave\My Documents\My Pictures\Schiff\Economy\19.gif --> ftp-www.earthlink.net /webdocs 19.gif
108.11.18 21:50 B C:\Documents and Settings\Dave\My Documents\My Pictures\Schiff\Economy\19.htm --> ftp-www.earthlink.net /webdocs 19.htm
108.11.18 21:50 B C:\Documents and Settings\Dave\My Documents\My Pictures\Schiff\Economy\20.gif --> ftp-www.earthlink.net /webdocs 20.gif
108.11.18 21:50 B C:\Documents and Settings\Dave\My Documents\My Pictures\Schiff\Economy\20.htm --> ftp-www.earthlink.net /webdocs 20.htm
108.11.18 21:50 B C:\Documents and Settings\Dave\My Documents\My Pictures\Schiff\Economy\21.gif --> ftp-www.earthlink.net /webdocs 21.gif
108.11.18 21:50 B C:\Documents and Settings\Dave\My Documents\My Pictures\Schiff\Economy\21.htm --> ftp-www.earthlink.net /webdocs 21.htm
108.11.18 21:50 B C:\Documents and Settings\Dave\My Documents\My Pictures\Schiff\Economy\22.gif --> ftp-www.earthlink.net /webdocs 22.gif
108.11.18 21:50 B C:\Documents and Settings\Dave\My Documents\My Pictures\Schiff\Economy\22.htm --> ftp-www.earthlink.net /webdocs 22.htm
108.11.18 21:50 B C:\Documents and Settings\Dave\My Documents\My Pictures\Schiff\Economy\23.gif --> ftp-www.earthlink.net /webdocs 23.gif
108.11.18 21:50 B C:\Documents and Settings\Dave\My Documents\My Pictures\Schiff\Economy\23.htm --> ftp-www.earthlink.net /webdocs 23.htm
108.11.18 21:50 B C:\Documents and Settings\Dave\My Documents\My Pictures\Schiff\Economy\24.gif --> ftp-www.earthlink.net /webdocs 24.gif
108.11.18 21:50 B C:\Documents and Settings\Dave\My Documents\My Pictures\Schiff\Economy\24.htm --> ftp-www.earthlink.net /webdocs 24.htm
108.11.18 21:50 B C:\Documents and Settings\Dave\My Documents\My Pictures\Schiff\Economy\25.gif --> ftp-www.earthlink.net /webdocs 25.gif
108.11.18 21:50 B C:\Documents and Settings\Dave\My Documents\My Pictures\Schiff\Economy\25.htm --> ftp-www.earthlink.net /webdocs 25.htm
108.11.18 21:50 B C:\Documents and Settings\Dave\My Documents\My Pictures\Schiff\Economy\26.gif --> ftp-www.earthlink.net /webdocs 26.gif
108.11.18 21:50 B C:\Documents and Settings\Dave\My Documents\My Pictures\Schiff\Economy\26.htm --> ftp-www.earthlink.net /webdocs 26.htm
108.11.18 21:50 B C:\Documents and Settings\Dave\My Documents\My Pictures\Schiff\Economy\27.gif --> ftp-www.earthlink.net /webdocs 27.gif
108.11.18 21:50 B C:\Documents and Settings\Dave\My Documents\My Pictures\Schiff\Economy\27.htm --> ftp-www.earthlink.net /webdocs 27.htm
108.11.18 21:50 B C:\Documents and Settings\Dave\My Documents\My Pictures\Schiff\Economy\28.gif --> ftp-www.earthlink.net /webdocs 28.gif
108.11.18 21:50 B C:\Documents and Settings\Dave\My Documents\My Pictures\Schiff\Economy\28.htm --> ftp-www.earthlink.net /webdocs 28.htm
108.11.18 21:50 B C:\Documents and Settings\Dave\My Documents\My Pictures\Schiff\Economy\29.gif --> ftp-www.earthlink.net /webdocs 29.gif
108.11.18 21:50 B C:\Documents and Settings\Dave\My Documents\My Pictures\Schiff\Economy\29.htm --> ftp-www.earthlink.net /webdocs 29.htm
108.11.18 21:50 B C:\Documents and Settings\Dave\My Documents\My Pictures\Schiff\Economy\30.gif --> ftp-www.earthlink.net /webdocs 30.gif
108.11.18 21:50 B C:\Documents and Settings\Dave\My Documents\My Pictures\Schiff\Economy\30.htm --> ftp-www.earthlink.net /webdocs 30.htm
108.11.18 21:50 B C:\Documents and Settings\Dave\My Documents\My Pictures\Schiff\Economy\31.gif --> ftp-www.earthlink.net /webdocs 31.gif
108.11.18 21:50 B C:\Documents and Settings\Dave\My Documents\My Pictures\Schiff\Economy\31.htm --> ftp-www.earthlink.net /webdocs 31.htm
108.11.18 21:50 B C:\Documents and Settings\Dave\My Documents\My Pictures\Schiff\Economy\32.gif --> ftp-www.earthlink.net /webdocs 32.gif
108.11.18 21:50 B C:\Documents and Settings\Dave\My Documents\My Pictures\Schiff\Economy\32.htm --> ftp-www.earthlink.net /webdocs 32.htm
108.11.18 21:50 B C:\Documents and Settings\Dave\My Documents\My Pictures\Schiff\Economy\33.gif --> ftp-www.earthlink.net /webdocs 33.gif
108.11.18 21:50 B C:\Documents and Settings\Dave\My Documents\My Pictures\Schiff\Economy\33.htm --> ftp-www.earthlink.net /webdocs 33.htm
108.11.18 21:50 B C:\Documents and Settings\Dave\My Documents\My Pictures\Schiff\Economy\34.gif --> ftp-www.earthlink.net /webdocs 34.gif
108.11.18 21:50 B C:\Documents and Settings\Dave\My Documents\My Pictures\Schiff\Economy\34.htm --> ftp-www.earthlink.net /webdocs 34.htm
108.11.18 21:50 B C:\Documents and Settings\Dave\My Documents\My Pictures\Schiff\Economy\35.gif --> ftp-www.earthlink.net /webdocs 35.gif
108.11.18 21:50 B C:\Documents and Settings\Dave\My Documents\My Pictures\Schiff\Economy\35.htm --> ftp-www.earthlink.net /webdocs 35.htm
108.11.18 21:50 B C:\Documents and Settings\Dave\My Documents\My Pictures\Schiff\Economy\36.gif --> ftp-www.earthlink.net /webdocs 36.gif
108.11.18 21:50 B C:\Documents and Settings\Dave\My Documents\My Pictures\Schiff\Economy\36.htm --> ftp-www.earthlink.net /webdocs 36.htm
108.11.18 21:50 B C:\Documents and Settings\Dave\My Documents\My Pictures\Schiff\Economy\37.gif --> ftp-www.earthlink.net /webdocs 37.gif
108.11.18 21:50 B C:\Documents and Settings\Dave\My Documents\My Pictures\Schiff\Economy\37.htm --> ftp-www.earthlink.net /webdocs 37.htm
108.11.18 21:50 B C:\Documents and Settings\Dave\My Documents\My Pictures\Schiff\Economy\38.gif --> ftp-www.earthlink.net /webdocs 38.gif
108.11.18 21:50 B C:\Documents and Settings\Dave\My Documents\My Pictures\Schiff\Economy\38.htm --> ftp-www.earthlink.net /webdocs 38.htm
108.11.18 21:50 B C:\Documents and Settings\Dave\My Documents\My Pictures\Schiff\Economy\39.gif --> ftp-www.earthlink.net /webdocs 39.gif
108.11.18 21:50 B C:\Documents and Settings\Dave\My Documents\My Pictures\Schiff\Economy\39.htm --> ftp-www.earthlink.net /webdocs 39.htm
108.11.18 21:50 B C:\Documents and Settings\Dave\My Documents\My Pictures\Schiff\Economy\40.gif --> ftp-www.earthlink.net /webdocs 40.gif
108.11.18 21:50 B C:\Documents and Settings\Dave\My Documents\My Pictures\Schiff\Economy\40.htm --> ftp-www.earthlink.net /webdocs 40.htm
108.11.18 21:50 B C:\Documents and Settings\Dave\My Documents\My Pictures\Schiff\Economy\41.gif --> ftp-www.earthlink.net /webdocs 41.gif
108.11.18 21:50 B C:\Documents and Settings\Dave\My Documents\My Pictures\Schiff\Economy\41.htm --> ftp-www.earthlink.net /webdocs 41.htm
108.11.18 21:50 B C:\Documents and Settings\Dave\My Documents\My Pictures\Schiff\Economy\42.gif --> ftp-www.earthlink.net /webdocs 42.gif
108.11.18 21:50 B C:\Documents and Settings\Dave\My Documents\My Pictures\Schiff\Economy\42.htm --> ftp-www.earthlink.net /webdocs 42.htm
108.11.18 21:50 B C:\Documents and Settings\Dave\My Documents\My Pictures\Schiff\Economy\43.gif --> ftp-www.earthlink.net /webdocs 43.gif
108.11.18 21:50 B C:\Documents and Settings\Dave\My Documents\My Pictures\Schiff\Economy\43.htm --> ftp-www.earthlink.net /webdocs 43.htm
108.11.18 21:50 B C:\Documents and Settings\Dave\My Documents\My Pictures\Schiff\Economy\44.gif --> ftp-www.earthlink.net /webdocs 44.gif
108.11.18 21:50 B C:\Documents and Settings\Dave\My Documents\My Pictures\Schiff\Economy\44.htm --> ftp-www.earthlink.net /webdocs 44.htm
108.11.18 21:50 B C:\Documents and Settings\Dave\My Documents\My Pictures\Schiff\Economy\45.gif --> ftp-www.earthlink.net /webdocs 45.gif
108.11.18 21:50 B C:\Documents and Settings\Dave\My Documents\My Pictures\Schiff\Economy\45.htm --> ftp-www.earthlink.net /webdocs 45.htm
108.11.18 21:50 B C:\Documents and Settings\Dave\My Documents\My Pictures\Schiff\Economy\46.gif --> ftp-www.earthlink.net /webdocs 46.gif
108.11.18 21:50 B C:\Documents and Settings\Dave\My Documents\My Pictures\Schiff\Economy\46.htm --> ftp-www.earthlink.net /webdocs 46.htm
108.11.18 21:50 B C:\Documents and Settings\Dave\My Documents\My Pictures\Schiff\Economy\47.gif --> ftp-www.earthlink.net /webdocs 47.gif
108.11.18 21:50 B C:\Documents and Settings\Dave\My Documents\My Pictures\Schiff\Economy\47.htm --> ftp-www.earthlink.net /webdocs 47.htm
108.11.18 21:50 B C:\Documents and Settings\Dave\My Documents\My Pictures\Schiff\Economy\48.gif --> ftp-www.earthlink.net /webdocs 48.gif
108.11.18 21:50 B C:\Documents and Settings\Dave\My Documents\My Pictures\Schiff\Economy\48.htm --> ftp-www.earthlink.net /webdocs 48.htm
108.11.18 21:50 B C:\Documents and Settings\Dave\My Documents\My Pictures\Schiff\Economy\49.gif --> ftp-www.earthlink.net /webdocs 49.gif
108.11.18 21:50 B C:\Documents and Settings\Dave\My Documents\My Pictures\Schiff\Economy\49.htm --> ftp-www.earthlink.net /webdocs 49.htm
108.11.18 21:50 B C:\Documents and Settings\Dave\My Documents\My Pictures\Schiff\Economy\50.gif --> ftp-www.earthlink.net /webdocs 50.gif
108.11.18 21:50 B C:\Documents and Settings\Dave\My Documents\My Pictures\Schiff\Economy\50.htm --> ftp-www.earthlink.net /webdocs 50.htm
108.11.18 21:50 B C:\Documents and Settings\Dave\My Documents\My Pictures\Schiff\Economy\51.gif --> ftp-www.earthlink.net /webdocs 51.gif
108.11.18 21:50 B C:\Documents and Settings\Dave\My Documents\My Pictures\Schiff\Economy\51.htm --> ftp-www.earthlink.net /webdocs 51.htm
108.11.18 21:51 B C:\Documents and Settings\Dave\My Documents\My Pictures\Schiff\Economy\52.gif --> ftp-www.earthlink.net /webdocs 52.gif
108.11.18 21:51 B C:\Documents and Settings\Dave\My Documents\My Pictures\Schiff\Economy\52.htm --> ftp-www.earthlink.net /webdocs 52.htm
108.11.18 21:51 B C:\Documents and Settings\Dave\My Documents\My Pictures\Schiff\Economy\53.gif --> ftp-www.earthlink.net /webdocs 53.gif
108.11.18 21:51 B C:\Documents and Settings\Dave\My Documents\My Pictures\Schiff\Economy\53.htm --> ftp-www.earthlink.net /webdocs 53.htm
108.11.18 21:51 B C:\Documents and Settings\Dave\My Documents\My Pictures\Schiff\Economy\54.gif --> ftp-www.earthlink.net /webdocs 54.gif
108.11.18 21:51 B C:\Documents and Settings\Dave\My Documents\My Pictures\Schiff\Economy\54.htm --> ftp-www.earthlink.net /webdocs 54.htm
108.11.18 21:51 B C:\Documents and Settings\Dave\My Documents\My Pictures\Schiff\Economy\55.gif --> ftp-www.earthlink.net /webdocs 55.gif
108.11.18 21:51 B C:\Documents and Settings\Dave\My Documents\My Pictures\Schiff\Economy\55.htm --> ftp-www.earthlink.net /webdocs 55.htm
108.11.18 21:51 B C:\Documents and Settings\Dave\My Documents\My Pictures\Schiff\Economy\56.gif --> ftp-www.earthlink.net /webdocs 56.gif
108.11.18 21:51 B C:\Documents and Settings\Dave\My Documents\My Pictures\Schiff\Economy\56.htm --> ftp-www.earthlink.net /webdocs 56.htm
108.11.18 21:51 B C:\Documents and Settings\Dave\My Documents\My Pictures\Schiff\Economy\57.gif --> ftp-www.earthlink.net /webdocs 57.gif
108.11.18 21:51 B C:\Documents and Settings\Dave\My Documents\My Pictures\Schiff\Economy\57.htm --> ftp-www.earthlink.net /webdocs 57.htm
108.11.18 21:51 B C:\Documents and Settings\Dave\My Documents\My Pictures\Schiff\Economy\58.gif --> ftp-www.earthlink.net /webdocs 58.gif
108.11.18 21:51 B C:\Documents and Settings\Dave\My Documents\My Pictures\Schiff\Economy\58.htm --> ftp-www.earthlink.net /webdocs 58.htm
108.11.18 21:51 B C:\Documents and Settings\Dave\My Documents\My Pictures\Schiff\Economy\59.gif --> ftp-www.earthlink.net /webdocs 59.gif
108.11.18 21:51 B C:\Documents and Settings\Dave\My Documents\My Pictures\Schiff\Economy\59.htm --> ftp-www.earthlink.net /webdocs 59.htm
108.11.18 21:51 B C:\Documents and Settings\Dave\My Documents\My Pictures\Schiff\Economy\60.gif --> ftp-www.earthlink.net /webdocs 60.gif
108.11.18 21:51 B C:\Documents and Settings\Dave\My Documents\My Pictures\Schiff\Economy\60.htm --> ftp-www.earthlink.net /webdocs 60.htm
108.11.18 21:51 B C:\Documents and Settings\Dave\My Documents\My Pictures\Schiff\Economy\61.gif --> ftp-www.earthlink.net /webdocs 61.gif
108.11.18 21:51 B C:\Documents and Settings\Dave\My Documents\My Pictures\Schiff\Economy\61.htm --> ftp-www.earthlink.net /webdocs 61.htm
108.11.18 21:51 B C:\Documents and Settings\Dave\My Documents\My Pictures\Schiff\Economy\62.gif --> ftp-www.earthlink.net /webdocs 62.gif
108.11.18 21:51 B C:\Documents and Settings\Dave\My Documents\My Pictures\Schiff\Economy\62.htm --> ftp-www.earthlink.net /webdocs 62.htm
108.11.18 21:51 B C:\Documents and Settings\Dave\My Documents\My Pictures\Schiff\Economy\63.gif --> ftp-www.earthlink.net /webdocs 63.gif
108.11.18 21:51 B C:\Documents and Settings\Dave\My Documents\My Pictures\Schiff\Economy\63.htm --> ftp-www.earthlink.net /webdocs 63.htm
108.11.18 21:51 B C:\Documents and Settings\Dave\My Documents\My Pictures\Schiff\Economy\64.gif --> ftp-www.earthlink.net /webdocs 64.gif
108.11.18 21:51 B C:\Documents and Settings\Dave\My Documents\My Pictures\Schiff\Economy\64.htm --> ftp-www.earthlink.net /webdocs 64.htm
108.11.18 21:51 B C:\Documents and Settings\Dave\My Documents\My Pictures\Schiff\Economy\65.gif --> ftp-www.earthlink.net /webdocs 65.gif
108.11.18 21:51 B C:\Documents and Settings\Dave\My Documents\My Pictures\Schiff\Economy\65.htm --> ftp-www.earthlink.net /webdocs 65.htm
108.11.18 21:51 B C:\Documents and Settings\Dave\My Documents\My Pictures\Schiff\Economy\66.gif --> ftp-www.earthlink.net /webdocs 66.gif
108.11.18 21:51 B C:\Documents and Settings\Dave\My Documents\My Pictures\Schiff\Economy\66.htm --> ftp-www.earthlink.net /webdocs 66.htm
108.11.18 21:51 B C:\Documents and Settings\Dave\My Documents\My Pictures\Schiff\Economy\67.gif --> ftp-www.earthlink.net /webdocs 67.gif
108.11.18 21:51 B C:\Documents and Settings\Dave\My Documents\My Pictures\Schiff\Economy\67.htm --> ftp-www.earthlink.net /webdocs 67.htm
108.11.18 21:51 B C:\Documents and Settings\Dave\My Documents\My Pictures\Schiff\Economy\68.gif --> ftp-www.earthlink.net /webdocs 68.gif
108.11.18 21:51 B C:\Documents and Settings\Dave\My Documents\My Pictures\Schiff\Economy\68.htm --> ftp-www.earthlink.net /webdocs 68.htm
108.11.18 21:51 B C:\Documents and Settings\Dave\My Documents\My Pictures\Schiff\Economy\69.gif --> ftp-www.earthlink.net /webdocs 69.gif
108.11.18 21:51 B C:\Documents and Settings\Dave\My Documents\My Pictures\Schiff\Economy\69.htm --> ftp-www.earthlink.net /webdocs 69.htm
108.11.18 21:51 B C:\Documents and Settings\Dave\My Documents\My Pictures\Schiff\Economy\70.gif --> ftp-www.earthlink.net /webdocs 70.gif
108.11.18 21:51 B C:\Documents and Settings\Dave\My Documents\My Pictures\Schiff\Economy\70.htm --> ftp-www.earthlink.net /webdocs 70.htm
108.11.18 21:51 B C:\Documents and Settings\Dave\My Documents\My Pictures\Schiff\Economy\71.gif --> ftp-www.earthlink.net /webdocs 71.gif
108.11.18 21:51 B C:\Documents and Settings\Dave\My Documents\My Pictures\Schiff\Economy\71.htm --> ftp-www.earthlink.net /webdocs 71.htm
108.11.18 21:51 B C:\Documents and Settings\Dave\My Documents\My Pictures\Schiff\Economy\72.gif --> ftp-www.earthlink.net /webdocs 72.gif
108.11.18 21:51 B C:\Documents and Settings\Dave\My Documents\My Pictures\Schiff\Economy\72.htm --> ftp-www.earthlink.net /webdocs 72.htm
108.11.18 21:51 B C:\Documents and Settings\Dave\My Documents\My Pictures\Schiff\Economy\73.gif --> ftp-www.earthlink.net /webdocs 73.gif
108.11.18 21:51 B C:\Documents and Settings\Dave\My Documents\My Pictures\Schiff\Economy\73.htm --> ftp-www.earthlink.net /webdocs 73.htm
108.11.18 21:51 B C:\Documents and Settings\Dave\My Documents\My Pictures\Schiff\Economy\74.gif --> ftp-www.earthlink.net /webdocs 74.gif
108.11.18 21:51 B C:\Documents and Settings\Dave\My Documents\My Pictures\Schiff\Economy\74.htm --> ftp-www.earthlink.net /webdocs 74.htm
108.11.18 21:51 B C:\Documents and Settings\Dave\My Documents\My Pictures\Schiff\Economy\75.gif --> ftp-www.earthlink.net /webdocs 75.gif
108.11.18 21:51 B C:\Documents and Settings\Dave\My Documents\My Pictures\Schiff\Economy\75.htm --> ftp-www.earthlink.net /webdocs 75.htm
108.11.18 21:51 B C:\Documents and Settings\Dave\My Documents\My Pictures\Schiff\Economy\76.gif --> ftp-www.earthlink.net /webdocs 76.gif
108.11.18 21:51 B C:\Documents and Settings\Dave\My Documents\My Pictures\Schiff\Economy\76.htm --> ftp-www.earthlink.net /webdocs 76.htm
108.11.18 21:51 B C:\Documents and Settings\Dave\My Documents\My Pictures\Schiff\Economy\77.gif --> ftp-www.earthlink.net /webdocs 77.gif
108.11.18 21:51 B C:\Documents and Settings\Dave\My Documents\My Pictures\Schiff\Economy\77.htm --> ftp-www.earthlink.net /webdocs 77.htm
108.11.18 21:51 B C:\Documents and Settings\Dave\My Documents\My Pictures\Schiff\Economy\78.gif --> ftp-www.earthlink.net /webdocs 78.gif
108.11.18 21:51 B C:\Documents and Settings\Dave\My Documents\My Pictures\Schiff\Economy\78.htm --> ftp-www.earthlink.net /webdocs 78.htm
108.11.18 21:51 B C:\Documents and Settings\Dave\My Documents\My Pictures\Schiff\Economy\79.gif --> ftp-www.earthlink.net /webdocs 79.gif
108.11.18 21:51 B C:\Documents and Settings\Dave\My Documents\My Pictures\Schiff\Economy\79.htm --> ftp-www.earthlink.net /webdocs 79.htm
108.11.18 21:51 B C:\Documents and Settings\Dave\My Documents\My Pictures\Schiff\Economy\80.gif --> ftp-www.earthlink.net /webdocs 80.gif
108.11.18 21:51 B C:\Documents and Settings\Dave\My Documents\My Pictures\Schiff\Economy\80.htm --> ftp-www.earthlink.net /webdocs 80.htm
108.11.18 21:51 B C:\Documents and Settings\Dave\My Documents\My Pictures\Schiff\Economy\81.gif --> ftp-www.earthlink.net /webdocs 81.gif
108.11.18 21:51 B C:\Documents and Settings\Dave\My Documents\My Pictures\Schiff\Economy\81.htm --> ftp-www.earthlink.net /webdocs 81.htm
108.11.18 21:51 B C:\Documents and Settings\Dave\My Documents\My Pictures\Schiff\Economy\82.gif --> ftp-www.earthlink.net /webdocs 82.gif
108.11.18 21:51 B C:\Documents and Settings\Dave\My Documents\My Pictures\Schiff\Economy\82.htm --> ftp-www.earthlink.net /webdocs 82.htm
108.11.18 21:51 B C:\Documents and Settings\Dave\My Documents\My Pictures\Schiff\Economy\83.gif --> ftp-www.earthlink.net /webdocs 83.gif
108.11.18 21:51 B C:\Documents and Settings\Dave\My Documents\My Pictures\Schiff\Economy\83.htm --> ftp-www.earthlink.net /webdocs 83.htm
108.11.18 21:51 B C:\Documents and Settings\Dave\My Documents\My Pictures\Schiff\Economy\84.gif --> ftp-www.earthlink.net /webdocs 84.gif
108.11.18 21:51 B C:\Documents and Settings\Dave\My Documents\My Pictures\Schiff\Economy\84.htm --> ftp-www.earthlink.net /webdocs 84.htm
108.11.18 21:51 B C:\Documents and Settings\Dave\My Documents\My Pictures\Schiff\Economy\85.gif --> ftp-www.earthlink.net /webdocs 85.gif
108.11.18 21:51 B C:\Documents and Settings\Dave\My Documents\My Pictures\Schiff\Economy\85.htm --> ftp-www.earthlink.net /webdocs 85.htm
108.11.18 21:51 B C:\Documents and Settings\Dave\My Documents\My Pictures\Schiff\Economy\86.gif --> ftp-www.earthlink.net /webdocs 86.gif
108.11.18 21:51 B C:\Documents and Settings\Dave\My Documents\My Pictures\Schiff\Economy\86.htm --> ftp-www.earthlink.net /webdocs 86.htm
108.11.18 21:51 B C:\Documents and Settings\Dave\My Documents\My Pictures\Schiff\Economy\87.gif --> ftp-www.earthlink.net /webdocs 87.gif
108.11.18 21:51 B C:\Documents and Settings\Dave\My Documents\My Pictures\Schiff\Economy\87.htm --> ftp-www.earthlink.net /webdocs 87.htm
108.11.18 21:51 B C:\Documents and Settings\Dave\My Documents\My Pictures\Schiff\Economy\88.gif --> ftp-www.earthlink.net /webdocs 88.gif
108.11.18 21:51 B C:\Documents and Settings\Dave\My Documents\My Pictures\Schiff\Economy\88.htm --> ftp-www.earthlink.net /webdocs 88.htm
108.11.18 21:51 B C:\Documents and Settings\Dave\My Documents\My Pictures\Schiff\Economy\89.gif --> ftp-www.earthlink.net /webdocs 89.gif
108.11.18 21:51 B C:\Documents and Settings\Dave\My Documents\My Pictures\Schiff\Economy\89.htm --> ftp-www.earthlink.net /webdocs 89.htm
108.11.18 21:51 B C:\Documents and Settings\Dave\My Documents\My Pictures\Schiff\Economy\90.gif --> ftp-www.earthlink.net /webdocs 90.gif
108.11.18 21:51 B C:\Documents and Settings\Dave\My Documents\My Pictures\Schiff\Economy\90.htm --> ftp-www.earthlink.net /webdocs 90.htm
108.11.18 21:51 B C:\Documents and Settings\Dave\My Documents\My Pictures\Schiff\Economy\91.gif --> ftp-www.earthlink.net /webdocs 91.gif
108.11.18 21:51 B C:\Documents and Settings\Dave\My Documents\My Pictures\Schiff\Economy\91.htm --> ftp-www.earthlink.net /webdocs 91.htm
108.11.18 21:51 B C:\Documents and Settings\Dave\My Documents\My Pictures\Schiff\Economy\92.gif --> ftp-www.earthlink.net /webdocs 92.gif
108.11.18 21:51 B C:\Documents and Settings\Dave\My Documents\My Pictures\Schiff\Economy\92.htm --> ftp-www.earthlink.net /webdocs 92.htm
108.11.18 21:51 B C:\Documents and Settings\Dave\My Documents\My Pictures\Schiff\Economy\93.gif --> ftp-www.earthlink.net /webdocs 93.gif
108.11.18 21:51 B C:\Documents and Settings\Dave\My Documents\My Pictures\Schiff\Economy\93.htm --> ftp-www.earthlink.net /webdocs 93.htm
108.11.18 21:51 B C:\Documents and Settings\Dave\My Documents\My Pictures\Schiff\Economy\94.gif --> ftp-www.earthlink.net /webdocs 94.gif
108.11.18 21:51 B C:\Documents and Settings\Dave\My Documents\My Pictures\Schiff\Economy\94.htm --> ftp-www.earthlink.net /webdocs 94.htm
108.11.18 21:51 B C:\Documents and Settings\Dave\My Documents\My Pictures\Schiff\Economy\95.gif --> ftp-www.earthlink.net /webdocs 95.gif
108.11.18 21:51 B C:\Documents and Settings\Dave\My Documents\My Pictures\Schiff\Economy\95.htm --> ftp-www.earthlink.net /webdocs 95.htm
108.11.18 21:51 B C:\Documents and Settings\Dave\My Documents\My Pictures\Schiff\Economy\96.gif --> ftp-www.earthlink.net /webdocs 96.gif
108.11.18 21:51 B C:\Documents and Settings\Dave\My Documents\My Pictures\Schiff\Economy\96.htm --> ftp-www.earthlink.net /webdocs 96.htm
108.11.18 21:51 B C:\Documents and Settings\Dave\My Documents\My Pictures\Schiff\Economy\97.gif --> ftp-www.earthlink.net /webdocs 97.gif
108.11.18 21:51 B C:\Documents and Settings\Dave\My Documents\My Pictures\Schiff\Economy\97.htm --> ftp-www.earthlink.net /webdocs 97.htm
108.11.18 21:51 B C:\Documents and Settings\Dave\My Documents\My Pictures\Schiff\Economy\98.gif --> ftp-www.earthlink.net /webdocs 98.gif
108.11.18 21:51 B C:\Documents and Settings\Dave\My Documents\My Pictures\Schiff\Economy\98.htm --> ftp-www.earthlink.net /webdocs 98.htm
108.11.18 21:51 B C:\Documents and Settings\Dave\My Documents\My Pictures\Schiff\Economy\99.gif --> ftp-www.earthlink.net /webdocs 99.gif
108.11.18 21:51 B C:\Documents and Settings\Dave\My Documents\My Pictures\Schiff\Economy\99.htm --> ftp-www.earthlink.net /webdocs 99.htm
108.11.18 21:51 B C:\Documents and Settings\Dave\My Documents\My Pictures\Schiff\Economy\a0.gif --> ftp-www.earthlink.net /webdocs a0.gif
108.11.18 21:51 B C:\Documents and Settings\Dave\My Documents\My Pictures\Schiff\Economy\a0.htm --> ftp-www.earthlink.net /webdocs a0.htm
108.11.18 21:51 B C:\Documents and Settings\Dave\My Documents\My Pictures\Schiff\Economy\a1.gif --> ftp-www.earthlink.net /webdocs a1.gif
108.11.18 21:51 B C:\Documents and Settings\Dave\My Documents\My Pictures\Schiff\Economy\a1.htm --> ftp-www.earthlink.net /webdocs a1.htm
108.11.18 21:51 B C:\Documents and Settings\Dave\My Documents\My Pictures\Schiff\Economy\a2.gif --> ftp-www.earthlink.net /webdocs a2.gif
108.11.18 21:51 B C:\Documents and Settings\Dave\My Documents\My Pictures\Schiff\Economy\a2.htm --> ftp-www.earthlink.net /webdocs a2.htm
108.11.18 21:51 B C:\Documents and Settings\Dave\My Documents\My Pictures\Schiff\Economy\a3.gif --> ftp-www.earthlink.net /webdocs a3.gif
108.11.18 21:51 B C:\Documents and Settings\Dave\My Documents\My Pictures\Schiff\Economy\a3.htm --> ftp-www.earthlink.net /webdocs a3.htm
108.11.18 21:51 B C:\Documents and Settings\Dave\My Documents\My Pictures\Schiff\Economy\a4.gif --> ftp-www.earthlink.net /webdocs a4.gif
108.11.18 21:51 B C:\Documents and Settings\Dave\My Documents\My Pictures\Schiff\Economy\a4.htm --> ftp-www.earthlink.net /webdocs a4.htm
108.11.18 21:51 B C:\Documents and Settings\Dave\My Documents\My Pictures\Schiff\Economy\a5.gif --> ftp-www.earthlink.net /webdocs a5.gif
108.11.18 21:51 B C:\Documents and Settings\Dave\My Documents\My Pictures\Schiff\Economy\a5.htm --> ftp-www.earthlink.net /webdocs a5.htm
108.11.18 21:51 B C:\Documents and Settings\Dave\My Documents\My Pictures\Schiff\Economy\back.jpg --> ftp-www.earthlink.net /webdocs back.jpg
108.11.18 21:51 B C:\Documents and Settings\Dave\My Documents\My Pictures\Schiff\Economy\CoverBack.jpg --> ftp-www.earthlink.net /webdocs CoverBack.jpg
108.11.18 21:51 B C:\Documents and Settings\Dave\My Documents\My Pictures\Schiff\Economy\CoverFront.jpg --> ftp-www.earthlink.net /webdocs CoverFront.jpg
108.11.18 21:51 B C:\Documents and Settings\Dave\My Documents\My Pictures\Schiff\Economy\favicon.ico --> ftp-www.earthlink.net /webdocs favicon.ico
108.11.18 21:51 B C:\Documents and Settings\Dave\My Documents\My Pictures\Schiff\Economy\index.htm --> ftp-www.earthlink.net /webdocs index.htm
108.11.18 21:51 B C:\Documents and Settings\Dave\My Documents\My Pictures\Schiff\Economy\p1.htm --> ftp-www.earthlink.net /webdocs p1.htm
108.11.18 21:51 B C:\Documents and Settings\Dave\My Documents\My Pictures\Schiff\Economy\p1InsideFrontCover.gif --> ftp-www.earthlink.net /webdocs p1InsideFrontCover.gif
108.11.18 21:51 B C:\Documents and Settings\Dave\My Documents\My Pictures\Schiff\Economy\p2.htm --> ftp-www.earthlink.net /webdocs p2.htm
108.11.18 21:51 B C:\Documents and Settings\Dave\My Documents\My Pictures\Schiff\Economy\p2TitlePage.gif --> ftp-www.earthlink.net /webdocs p2TitlePage.gif
108.11.18 21:51 B C:\Documents and Settings\Dave\My Documents\My Pictures\Schiff\Economy\p3.htm --> ftp-www.earthlink.net /webdocs p3.htm
108.11.18 21:51 B C:\Documents and Settings\Dave\My Documents\My Pictures\Schiff\Economy\p3OtherBooks.gif --> ftp-www.earthlink.net /webdocs p3OtherBooks.gif
108.11.18 21:51 B C:\Documents and Settings\Dave\My Documents\My Pictures\Schiff\Economy\p4.htm --> ftp-www.earthlink.net /webdocs p4.htm
108.11.18 21:51 B C:\Documents and Settings\Dave\My Documents\My Pictures\Schiff\Economy\p4Dedication.gif --> ftp-www.earthlink.net /webdocs p4Dedication.gif
108.11.18 21:51 B C:\Documents and Settings\Dave\My Documents\My Pictures\Schiff\Economy\p5.htm --> ftp-www.earthlink.net /webdocs p5.htm
108.11.18 21:51 B C:\Documents and Settings\Dave\My Documents\My Pictures\Schiff\Economy\p5AuthorBio.gif --> ftp-www.earthlink.net /webdocs p5AuthorBio.gif
108.11.18 21:51 B C:\Documents and Settings\Dave\My Documents\My Pictures\Schiff\Economy\theindex.htm --> ftp-www.earthlink.net /webdocs theindex.htm
108.11.19 12:37 B C:\Documents and Settings\Dave\My Documents\My Pictures\Schiff\Economy\01.gif --> ftp-www.earthlink.net /webdocs 01.gif
108.11.19 12:37 B C:\Documents and Settings\Dave\My Documents\My Pictures\Schiff\Economy\01.htm --> ftp-www.earthlink.net /webdocs 01.htm
108.11.19 12:37 B C:\Documents and Settings\Dave\My Documents\My Pictures\Schiff\Economy\02.gif --> ftp-www.earthlink.net /webdocs 02.gif
108.11.19 12:37 B C:\Documents and Settings\Dave\My Documents\My Pictures\Schiff\Economy\02.htm --> ftp-www.earthlink.net /webdocs 02.htm
108.11.19 12:37 B C:\Documents and Settings\Dave\My Documents\My Pictures\Schiff\Economy\03.gif --> ftp-www.earthlink.net /webdocs 03.gif
108.11.19 12:37 B C:\Documents and Settings\Dave\My Documents\My Pictures\Schiff\Economy\03.htm --> ftp-www.earthlink.net /webdocs 03.htm
108.11.19 12:37 B C:\Documents and Settings\Dave\My Documents\My Pictures\Schiff\Economy\04.gif --> ftp-www.earthlink.net /webdocs 04.gif
108.11.19 12:37 B C:\Documents and Settings\Dave\My Documents\My Pictures\Schiff\Economy\04.htm --> ftp-www.earthlink.net /webdocs 04.htm
108.11.19 12:37 B C:\Documents and Settings\Dave\My Documents\My Pictures\Schiff\Economy\05.gif --> ftp-www.earthlink.net /webdocs 05.gif
108.11.19 12:37 B C:\Documents and Settings\Dave\My Documents\My Pictures\Schiff\Economy\05.htm --> ftp-www.earthlink.net /webdocs 05.htm
108.11.19 12:37 B C:\Documents and Settings\Dave\My Documents\My Pictures\Schiff\Economy\06.gif --> ftp-www.earthlink.net /webdocs 06.gif
108.11.19 12:37 B C:\Documents and Settings\Dave\My Documents\My Pictures\Schiff\Economy\06.htm --> ftp-www.earthlink.net /webdocs 06.htm
108.11.19 12:37 B C:\Documents and Settings\Dave\My Documents\My Pictures\Schiff\Economy\07.gif --> ftp-www.earthlink.net /webdocs 07.gif
108.11.19 12:37 B C:\Documents and Settings\Dave\My Documents\My Pictures\Schiff\Economy\07.htm --> ftp-www.earthlink.net /webdocs 07.htm
108.11.19 12:37 B C:\Documents and Settings\Dave\My Documents\My Pictures\Schiff\Economy\08.gif --> ftp-www.earthlink.net /webdocs 08.gif
108.11.19 12:37 B C:\Documents and Settings\Dave\My Documents\My Pictures\Schiff\Economy\08.htm --> ftp-www.earthlink.net /webdocs 08.htm
108.11.19 12:37 B C:\Documents and Settings\Dave\My Documents\My Pictures\Schiff\Economy\09.gif --> ftp-www.earthlink.net /webdocs 09.gif
108.11.19 12:37 B C:\Documents and Settings\Dave\My Documents\My Pictures\Schiff\Economy\09.htm --> ftp-www.earthlink.net /webdocs 09.htm
108.11.19 12:37 B C:\Documents and Settings\Dave\My Documents\My Pictures\Schiff\Economy\10.gif --> ftp-www.earthlink.net /webdocs 10.gif
108.11.19 12:37 B C:\Documents and Settings\Dave\My Documents\My Pictures\Schiff\Economy\10.htm --> ftp-www.earthlink.net /webdocs 10.htm
108.11.19 12:37 B C:\Documents and Settings\Dave\My Documents\My Pictures\Schiff\Economy\11.gif --> ftp-www.earthlink.net /webdocs 11.gif
108.11.19 12:37 B C:\Documents and Settings\Dave\My Documents\My Pictures\Schiff\Economy\11.htm --> ftp-www.earthlink.net /webdocs 11.htm
108.11.19 12:37 B C:\Documents and Settings\Dave\My Documents\My Pictures\Schiff\Economy\12.gif --> ftp-www.earthlink.net /webdocs 12.gif
108.11.19 12:37 B C:\Documents and Settings\Dave\My Documents\My Pictures\Schiff\Economy\12.htm --> ftp-www.earthlink.net /webdocs 12.htm
108.11.19 12:37 B C:\Documents and Settings\Dave\My Documents\My Pictures\Schiff\Economy\13.gif --> ftp-www.earthlink.net /webdocs 13.gif
108.11.19 12:37 B C:\Documents and Settings\Dave\My Documents\My Pictures\Schiff\Economy\13.htm --> ftp-www.earthlink.net /webdocs 13.htm
108.11.19 12:37 B C:\Documents and Settings\Dave\My Documents\My Pictures\Schiff\Economy\14.gif --> ftp-www.earthlink.net /webdocs 14.gif
108.11.19 12:37 B C:\Documents and Settings\Dave\My Documents\My Pictures\Schiff\Economy\14.htm --> ftp-www.earthlink.net /webdocs 14.htm
108.11.19 12:37 B C:\Documents and Settings\Dave\My Documents\My Pictures\Schiff\Economy\15.gif --> ftp-www.earthlink.net /webdocs 15.gif
108.11.19 12:37 B C:\Documents and Settings\Dave\My Documents\My Pictures\Schiff\Economy\15.htm --> ftp-www.earthlink.net /webdocs 15.htm
108.11.19 12:37 B C:\Documents and Settings\Dave\My Documents\My Pictures\Schiff\Economy\16.gif --> ftp-www.earthlink.net /webdocs 16.gif
108.11.19 12:37 B C:\Documents and Settings\Dave\My Documents\My Pictures\Schiff\Economy\16.htm --> ftp-www.earthlink.net /webdocs 16.htm
108.11.19 12:37 B C:\Documents and Settings\Dave\My Documents\My Pictures\Schiff\Economy\17.gif --> ftp-www.earthlink.net /webdocs 17.gif
108.11.19 12:37 B C:\Documents and Settings\Dave\My Documents\My Pictures\Schiff\Economy\17.htm --> ftp-www.earthlink.net /webdocs 17.htm
108.11.19 12:37 B C:\Documents and Settings\Dave\My Documents\My Pictures\Schiff\Economy\18.gif --> ftp-www.earthlink.net /webdocs 18.gif
108.11.19 12:37 B C:\Documents and Settings\Dave\My Documents\My Pictures\Schiff\Economy\18.htm --> ftp-www.earthlink.net /webdocs 18.htm
108.11.19 12:37 B C:\Documents and Settings\Dave\My Documents\My Pictures\Schiff\Economy\19.gif --> ftp-www.earthlink.net /webdocs 19.gif
108.11.19 12:37 B C:\Documents and Settings\Dave\My Documents\My Pictures\Schiff\Economy\19.htm --> ftp-www.earthlink.net /webdocs 19.htm
108.11.19 12:37 B C:\Documents and Settings\Dave\My Documents\My Pictures\Schiff\Economy\20.gif --> ftp-www.earthlink.net /webdocs 20.gif
108.11.19 12:37 B C:\Documents and Settings\Dave\My Documents\My Pictures\Schiff\Economy\20.htm --> ftp-www.earthlink.net /webdocs 20.htm
108.11.19 12:37 B C:\Documents and Settings\Dave\My Documents\My Pictures\Schiff\Economy\21.gif --> ftp-www.earthlink.net /webdocs 21.gif
108.11.19 12:37 B C:\Documents and Settings\Dave\My Documents\My Pictures\Schiff\Economy\21.htm --> ftp-www.earthlink.net /webdocs 21.htm
108.11.19 12:37 B C:\Documents and Settings\Dave\My Documents\My Pictures\Schiff\Economy\22.gif --> ftp-www.earthlink.net /webdocs 22.gif
108.11.19 12:37 B C:\Documents and Settings\Dave\My Documents\My Pictures\Schiff\Economy\22.htm --> ftp-www.earthlink.net /webdocs 22.htm
108.11.19 12:37 B C:\Documents and Settings\Dave\My Documents\My Pictures\Schiff\Economy\23.gif --> ftp-www.earthlink.net /webdocs 23.gif
108.11.19 12:37 B C:\Documents and Settings\Dave\My Documents\My Pictures\Schiff\Economy\23.htm --> ftp-www.earthlink.net /webdocs 23.htm
108.11.19 12:37 B C:\Documents and Settings\Dave\My Documents\My Pictures\Schiff\Economy\24.gif --> ftp-www.earthlink.net /webdocs 24.gif
108.11.19 12:37 B C:\Documents and Settings\Dave\My Documents\My Pictures\Schiff\Economy\24.htm --> ftp-www.earthlink.net /webdocs 24.htm
108.11.19 12:37 B C:\Documents and Settings\Dave\My Documents\My Pictures\Schiff\Economy\25.gif --> ftp-www.earthlink.net /webdocs 25.gif
108.11.19 12:37 B C:\Documents and Settings\Dave\My Documents\My Pictures\Schiff\Economy\25.htm --> ftp-www.earthlink.net /webdocs 25.htm
108.11.19 12:37 B C:\Documents and Settings\Dave\My Documents\My Pictures\Schiff\Economy\26.gif --> ftp-www.earthlink.net /webdocs 26.gif
108.11.19 12:37 B C:\Documents and Settings\Dave\My Documents\My Pictures\Schiff\Economy\26.htm --> ftp-www.earthlink.net /webdocs 26.htm
108.11.19 12:37 B C:\Documents and Settings\Dave\My Documents\My Pictures\Schiff\Economy\27.gif --> ftp-www.earthlink.net /webdocs 27.gif
108.11.19 12:37 B C:\Documents and Settings\Dave\My Documents\My Pictures\Schiff\Economy\27.htm --> ftp-www.earthlink.net /webdocs 27.htm
108.11.19 12:37 B C:\Documents and Settings\Dave\My Documents\My Pictures\Schiff\Economy\28.gif --> ftp-www.earthlink.net /webdocs 28.gif
108.11.19 12:37 B C:\Documents and Settings\Dave\My Documents\My Pictures\Schiff\Economy\28.htm --> ftp-www.earthlink.net /webdocs 28.htm
108.11.19 12:37 B C:\Documents and Settings\Dave\My Documents\My Pictures\Schiff\Economy\29.gif --> ftp-www.earthlink.net /webdocs 29.gif
108.11.19 12:37 B C:\Documents and Settings\Dave\My Documents\My Pictures\Schiff\Economy\29.htm --> ftp-www.earthlink.net /webdocs 29.htm
108.11.19 12:37 B C:\Documents and Settings\Dave\My Documents\My Pictures\Schiff\Economy\30.gif --> ftp-www.earthlink.net /webdocs 30.gif
108.11.19 12:37 B C:\Documents and Settings\Dave\My Documents\My Pictures\Schiff\Economy\30.htm --> ftp-www.earthlink.net /webdocs 30.htm
108.11.19 12:37 B C:\Documents and Settings\Dave\My Documents\My Pictures\Schiff\Economy\31.gif --> ftp-www.earthlink.net /webdocs 31.gif
108.11.19 12:37 B C:\Documents and Settings\Dave\My Documents\My Pictures\Schiff\Economy\31.htm --> ftp-www.earthlink.net /webdocs 31.htm
108.11.19 12:37 B C:\Documents and Settings\Dave\My Documents\My Pictures\Schiff\Economy\32.gif --> ftp-www.earthlink.net /webdocs 32.gif
108.11.19 12:37 B C:\Documents and Settings\Dave\My Documents\My Pictures\Schiff\Economy\32.htm --> ftp-www.earthlink.net /webdocs 32.htm
108.11.19 12:37 B C:\Documents and Settings\Dave\My Documents\My Pictures\Schiff\Economy\33.gif --> ftp-www.earthlink.net /webdocs 33.gif
108.11.19 12:37 B C:\Documents and Settings\Dave\My Documents\My Pictures\Schiff\Economy\33.htm --> ftp-www.earthlink.net /webdocs 33.htm
108.11.19 12:37 B C:\Documents and Settings\Dave\My Documents\My Pictures\Schiff\Economy\34.gif --> ftp-www.earthlink.net /webdocs 34.gif
108.11.19 12:37 B C:\Documents and Settings\Dave\My Documents\My Pictures\Schiff\Economy\34.htm --> ftp-www.earthlink.net /webdocs 34.htm
108.11.19 12:37 B C:\Documents and Settings\Dave\My Documents\My Pictures\Schiff\Economy\35.gif --> ftp-www.earthlink.net /webdocs 35.gif
108.11.19 12:37 B C:\Documents and Settings\Dave\My Documents\My Pictures\Schiff\Economy\35.htm --> ftp-www.earthlink.net /webdocs 35.htm
108.11.19 12:37 B C:\Documents and Settings\Dave\My Documents\My Pictures\Schiff\Economy\36.gif --> ftp-www.earthlink.net /webdocs 36.gif
108.11.19 12:37 B C:\Documents and Settings\Dave\My Documents\My Pictures\Schiff\Economy\36.htm --> ftp-www.earthlink.net /webdocs 36.htm
108.11.19 12:37 B C:\Documents and Settings\Dave\My Documents\My Pictures\Schiff\Economy\37.gif --> ftp-www.earthlink.net /webdocs 37.gif
108.11.19 12:37 B C:\Documents and Settings\Dave\My Documents\My Pictures\Schiff\Economy\37.htm --> ftp-www.earthlink.net /webdocs 37.htm
108.11.19 12:37 B C:\Documents and Settings\Dave\My Documents\My Pictures\Schiff\Economy\38.gif --> ftp-www.earthlink.net /webdocs 38.gif
108.11.19 12:37 B C:\Documents and Settings\Dave\My Documents\My Pictures\Schiff\Economy\38.htm --> ftp-www.earthlink.net /webdocs 38.htm
108.11.19 12:37 B C:\Documents and Settings\Dave\My Documents\My Pictures\Schiff\Economy\39.gif --> ftp-www.earthlink.net /webdocs 39.gif
108.11.19 12:37 B C:\Documents and Settings\Dave\My Documents\My Pictures\Schiff\Economy\39.htm --> ftp-www.earthlink.net /webdocs 39.htm
108.11.19 12:37 B C:\Documents and Settings\Dave\My Documents\My Pictures\Schiff\Economy\40.gif --> ftp-www.earthlink.net /webdocs 40.gif
108.11.19 12:37 B C:\Documents and Settings\Dave\My Documents\My Pictures\Schiff\Economy\40.htm --> ftp-www.earthlink.net /webdocs 40.htm
108.11.19 12:37 B C:\Documents and Settings\Dave\My Documents\My Pictures\Schiff\Economy\41.gif --> ftp-www.earthlink.net /webdocs 41.gif
108.11.19 12:37 B C:\Documents and Settings\Dave\My Documents\My Pictures\Schiff\Economy\41.htm --> ftp-www.earthlink.net /webdocs 41.htm
108.11.19 12:37 B C:\Documents and Settings\Dave\My Documents\My Pictures\Schiff\Economy\42.gif --> ftp-www.earthlink.net /webdocs 42.gif
108.11.19 12:37 B C:\Documents and Settings\Dave\My Documents\My Pictures\Schiff\Economy\42.htm --> ftp-www.earthlink.net /webdocs 42.htm
108.11.19 12:37 B C:\Documents and Settings\Dave\My Documents\My Pictures\Schiff\Economy\43.gif --> ftp-www.earthlink.net /webdocs 43.gif
108.11.19 12:37 B C:\Documents and Settings\Dave\My Documents\My Pictures\Schiff\Economy\43.htm --> ftp-www.earthlink.net /webdocs 43.htm
108.11.19 12:37 B C:\Documents and Settings\Dave\My Documents\My Pictures\Schiff\Economy\44.gif --> ftp-www.earthlink.net /webdocs 44.gif
108.11.19 12:37 B C:\Documents and Settings\Dave\My Documents\My Pictures\Schiff\Economy\44.htm --> ftp-www.earthlink.net /webdocs 44.htm
108.11.19 12:37 B C:\Documents and Settings\Dave\My Documents\My Pictures\Schiff\Economy\45.gif --> ftp-www.earthlink.net /webdocs 45.gif
108.11.19 12:37 B C:\Documents and Settings\Dave\My Documents\My Pictures\Schiff\Economy\45.htm --> ftp-www.earthlink.net /webdocs 45.htm
108.11.19 12:37 B C:\Documents and Settings\Dave\My Documents\My Pictures\Schiff\Economy\46.gif --> ftp-www.earthlink.net /webdocs 46.gif
108.11.19 12:37 B C:\Documents and Settings\Dave\My Documents\My Pictures\Schiff\Economy\46.htm --> ftp-www.earthlink.net /webdocs 46.htm
108.11.19 12:37 B C:\Documents and Settings\Dave\My Documents\My Pictures\Schiff\Economy\47.gif --> ftp-www.earthlink.net /webdocs 47.gif
108.11.19 12:37 B C:\Documents and Settings\Dave\My Documents\My Pictures\Schiff\Economy\47.htm --> ftp-www.earthlink.net /webdocs 47.htm
108.11.19 12:37 B C:\Documents and Settings\Dave\My Documents\My Pictures\Schiff\Economy\48.gif --> ftp-www.earthlink.net /webdocs 48.gif
108.11.19 12:37 B C:\Documents and Settings\Dave\My Documents\My Pictures\Schiff\Economy\48.htm --> ftp-www.earthlink.net /webdocs 48.htm
108.11.19 12:37 B C:\Documents and Settings\Dave\My Documents\My Pictures\Schiff\Economy\49.gif --> ftp-www.earthlink.net /webdocs 49.gif
108.11.19 12:37 B C:\Documents and Settings\Dave\My Documents\My Pictures\Schiff\Economy\49.htm --> ftp-www.earthlink.net /webdocs 49.htm
108.11.19 12:37 B C:\Documents and Settings\Dave\My Documents\My Pictures\Schiff\Economy\50.gif --> ftp-www.earthlink.net /webdocs 50.gif
108.11.19 12:37 B C:\Documents and Settings\Dave\My Documents\My Pictures\Schiff\Economy\50.htm --> ftp-www.earthlink.net /webdocs 50.htm
108.11.19 12:37 B C:\Documents and Settings\Dave\My Documents\My Pictures\Schiff\Economy\51.gif --> ftp-www.earthlink.net /webdocs 51.gif
108.11.19 12:37 B C:\Documents and Settings\Dave\My Documents\My Pictures\Schiff\Economy\51.htm --> ftp-www.earthlink.net /webdocs 51.htm
108.11.19 12:37 B C:\Documents and Settings\Dave\My Documents\My Pictures\Schiff\Economy\52.gif --> ftp-www.earthlink.net /webdocs 52.gif
108.11.19 12:37 B C:\Documents and Settings\Dave\My Documents\My Pictures\Schiff\Economy\52.htm --> ftp-www.earthlink.net /webdocs 52.htm
108.11.19 12:37 B C:\Documents and Settings\Dave\My Documents\My Pictures\Schiff\Economy\53.gif --> ftp-www.earthlink.net /webdocs 53.gif
108.11.19 12:37 B C:\Documents and Settings\Dave\My Documents\My Pictures\Schiff\Economy\53.htm --> ftp-www.earthlink.net /webdocs 53.htm
108.11.19 12:37 B C:\Documents and Settings\Dave\My Documents\My Pictures\Schiff\Economy\54.gif --> ftp-www.earthlink.net /webdocs 54.gif
108.11.19 12:37 B C:\Documents and Settings\Dave\My Documents\My Pictures\Schiff\Economy\54.htm --> ftp-www.earthlink.net /webdocs 54.htm
108.11.19 12:37 B C:\Documents and Settings\Dave\My Documents\My Pictures\Schiff\Economy\55.gif --> ftp-www.earthlink.net /webdocs 55.gif
108.11.19 12:37 B C:\Documents and Settings\Dave\My Documents\My Pictures\Schiff\Economy\55.htm --> ftp-www.earthlink.net /webdocs 55.htm
108.11.19 12:37 B C:\Documents and Settings\Dave\My Documents\My Pictures\Schiff\Economy\56.gif --> ftp-www.earthlink.net /webdocs 56.gif
108.11.19 12:37 B C:\Documents and Settings\Dave\My Documents\My Pictures\Schiff\Economy\56.htm --> ftp-www.earthlink.net /webdocs 56.htm
108.11.19 12:37 B C:\Documents and Settings\Dave\My Documents\My Pictures\Schiff\Economy\57.gif --> ftp-www.earthlink.net /webdocs 57.gif
108.11.19 12:37 B C:\Documents and Settings\Dave\My Documents\My Pictures\Schiff\Economy\57.htm --> ftp-www.earthlink.net /webdocs 57.htm
108.11.19 12:37 B C:\Documents and Settings\Dave\My Documents\My Pictures\Schiff\Economy\58.gif --> ftp-www.earthlink.net /webdocs 58.gif
108.11.19 12:37 B C:\Documents and Settings\Dave\My Documents\My Pictures\Schiff\Economy\58.htm --> ftp-www.earthlink.net /webdocs 58.htm
108.11.19 12:37 B C:\Documents and Settings\Dave\My Documents\My Pictures\Schiff\Economy\59.gif --> ftp-www.earthlink.net /webdocs 59.gif
108.11.19 12:37 B C:\Documents and Settings\Dave\My Documents\My Pictures\Schiff\Economy\59.htm --> ftp-www.earthlink.net /webdocs 59.htm
108.11.19 12:37 B C:\Documents and Settings\Dave\My Documents\My Pictures\Schiff\Economy\60.gif --> ftp-www.earthlink.net /webdocs 60.gif
108.11.19 12:37 B C:\Documents and Settings\Dave\My Documents\My Pictures\Schiff\Economy\60.htm --> ftp-www.earthlink.net /webdocs 60.htm
108.11.19 12:37 B C:\Documents and Settings\Dave\My Documents\My Pictures\Schiff\Economy\61.gif --> ftp-www.earthlink.net /webdocs 61.gif
108.11.19 12:37 B C:\Documents and Settings\Dave\My Documents\My Pictures\Schiff\Economy\61.htm --> ftp-www.earthlink.net /webdocs 61.htm
108.11.19 12:37 B C:\Documents and Settings\Dave\My Documents\My Pictures\Schiff\Economy\62.gif --> ftp-www.earthlink.net /webdocs 62.gif
108.11.19 12:37 B C:\Documents and Settings\Dave\My Documents\My Pictures\Schiff\Economy\62.htm --> ftp-www.earthlink.net /webdocs 62.htm
108.11.19 12:37 B C:\Documents and Settings\Dave\My Documents\My Pictures\Schiff\Economy\63.gif --> ftp-www.earthlink.net /webdocs 63.gif
108.11.19 12:37 B C:\Documents and Settings\Dave\My Documents\My Pictures\Schiff\Economy\63.htm --> ftp-www.earthlink.net /webdocs 63.htm
108.11.19 12:38 B C:\Documents and Settings\Dave\My Documents\My Pictures\Schiff\Economy\64.gif --> ftp-www.earthlink.net /webdocs 64.gif
108.11.19 12:38 B C:\Documents and Settings\Dave\My Documents\My Pictures\Schiff\Economy\64.htm --> ftp-www.earthlink.net /webdocs 64.htm
108.11.19 12:38 B C:\Documents and Settings\Dave\My Documents\My Pictures\Schiff\Economy\65.gif --> ftp-www.earthlink.net /webdocs 65.gif
108.11.19 12:38 B C:\Documents and Settings\Dave\My Documents\My Pictures\Schiff\Economy\65.htm --> ftp-www.earthlink.net /webdocs 65.htm
108.11.19 12:38 B C:\Documents and Settings\Dave\My Documents\My Pictures\Schiff\Economy\66.gif --> ftp-www.earthlink.net /webdocs 66.gif
108.11.19 12:38 B C:\Documents and Settings\Dave\My Documents\My Pictures\Schiff\Economy\66.htm --> ftp-www.earthlink.net /webdocs 66.htm
108.11.19 12:38 B C:\Documents and Settings\Dave\My Documents\My Pictures\Schiff\Economy\67.gif --> ftp-www.earthlink.net /webdocs 67.gif
108.11.19 12:38 B C:\Documents and Settings\Dave\My Documents\My Pictures\Schiff\Economy\67.htm --> ftp-www.earthlink.net /webdocs 67.htm
108.11.19 12:38 B C:\Documents and Settings\Dave\My Documents\My Pictures\Schiff\Economy\68.gif --> ftp-www.earthlink.net /webdocs 68.gif
108.11.19 12:38 B C:\Documents and Settings\Dave\My Documents\My Pictures\Schiff\Economy\68.htm --> ftp-www.earthlink.net /webdocs 68.htm
108.11.19 12:38 B C:\Documents and Settings\Dave\My Documents\My Pictures\Schiff\Economy\69.gif --> ftp-www.earthlink.net /webdocs 69.gif
108.11.19 12:38 B C:\Documents and Settings\Dave\My Documents\My Pictures\Schiff\Economy\69.htm --> ftp-www.earthlink.net /webdocs 69.htm
108.11.19 12:38 B C:\Documents and Settings\Dave\My Documents\My Pictures\Schiff\Economy\70.gif --> ftp-www.earthlink.net /webdocs 70.gif
108.11.19 12:38 B C:\Documents and Settings\Dave\My Documents\My Pictures\Schiff\Economy\70.htm --> ftp-www.earthlink.net /webdocs 70.htm
108.11.19 12:38 B C:\Documents and Settings\Dave\My Documents\My Pictures\Schiff\Economy\71.gif --> ftp-www.earthlink.net /webdocs 71.gif
108.11.19 12:38 B C:\Documents and Settings\Dave\My Documents\My Pictures\Schiff\Economy\71.htm --> ftp-www.earthlink.net /webdocs 71.htm
108.11.19 12:38 B C:\Documents and Settings\Dave\My Documents\My Pictures\Schiff\Economy\72.gif --> ftp-www.earthlink.net /webdocs 72.gif
108.11.19 12:38 B C:\Documents and Settings\Dave\My Documents\My Pictures\Schiff\Economy\72.htm --> ftp-www.earthlink.net /webdocs 72.htm
108.11.19 12:38 B C:\Documents and Settings\Dave\My Documents\My Pictures\Schiff\Economy\73.gif --> ftp-www.earthlink.net /webdocs 73.gif
108.11.19 12:38 B C:\Documents and Settings\Dave\My Documents\My Pictures\Schiff\Economy\73.htm --> ftp-www.earthlink.net /webdocs 73.htm
108.11.19 12:38 B C:\Documents and Settings\Dave\My Documents\My Pictures\Schiff\Economy\74.gif --> ftp-www.earthlink.net /webdocs 74.gif
108.11.19 12:38 B C:\Documents and Settings\Dave\My Documents\My Pictures\Schiff\Economy\74.htm --> ftp-www.earthlink.net /webdocs 74.htm
108.11.19 12:38 B C:\Documents and Settings\Dave\My Documents\My Pictures\Schiff\Economy\75.gif --> ftp-www.earthlink.net /webdocs 75.gif
108.11.19 12:38 B C:\Documents and Settings\Dave\My Documents\My Pictures\Schiff\Economy\75.htm --> ftp-www.earthlink.net /webdocs 75.htm
108.11.19 12:38 B C:\Documents and Settings\Dave\My Documents\My Pictures\Schiff\Economy\76.gif --> ftp-www.earthlink.net /webdocs 76.gif
108.11.19 12:38 B C:\Documents and Settings\Dave\My Documents\My Pictures\Schiff\Economy\76.htm --> ftp-www.earthlink.net /webdocs 76.htm
108.11.19 12:38 B C:\Documents and Settings\Dave\My Documents\My Pictures\Schiff\Economy\77.gif --> ftp-www.earthlink.net /webdocs 77.gif
108.11.19 12:38 B C:\Documents and Settings\Dave\My Documents\My Pictures\Schiff\Economy\77.htm --> ftp-www.earthlink.net /webdocs 77.htm
108.11.19 12:38 B C:\Documents and Settings\Dave\My Documents\My Pictures\Schiff\Economy\78.gif --> ftp-www.earthlink.net /webdocs 78.gif
108.11.19 12:38 B C:\Documents and Settings\Dave\My Documents\My Pictures\Schiff\Economy\78.htm --> ftp-www.earthlink.net /webdocs 78.htm
108.11.19 12:38 B C:\Documents and Settings\Dave\My Documents\My Pictures\Schiff\Economy\79.gif --> ftp-www.earthlink.net /webdocs 79.gif
108.11.19 12:38 B C:\Documents and Settings\Dave\My Documents\My Pictures\Schiff\Economy\79.htm --> ftp-www.earthlink.net /webdocs 79.htm
108.11.19 12:38 B C:\Documents and Settings\Dave\My Documents\My Pictures\Schiff\Economy\80.gif --> ftp-www.earthlink.net /webdocs 80.gif
108.11.19 12:38 B C:\Documents and Settings\Dave\My Documents\My Pictures\Schiff\Economy\80.htm --> ftp-www.earthlink.net /webdocs 80.htm
108.11.19 12:38 B C:\Documents and Settings\Dave\My Documents\My Pictures\Schiff\Economy\81.gif --> ftp-www.earthlink.net /webdocs 81.gif
108.11.19 12:38 B C:\Documents and Settings\Dave\My Documents\My Pictures\Schiff\Economy\81.htm --> ftp-www.earthlink.net /webdocs 81.htm
108.11.19 12:38 B C:\Documents and Settings\Dave\My Documents\My Pictures\Schiff\Economy\82.gif --> ftp-www.earthlink.net /webdocs 82.gif
108.11.19 12:38 B C:\Documents and Settings\Dave\My Documents\My Pictures\Schiff\Economy\82.htm --> ftp-www.earthlink.net /webdocs 82.htm
108.11.19 12:38 B C:\Documents and Settings\Dave\My Documents\My Pictures\Schiff\Economy\83.gif --> ftp-www.earthlink.net /webdocs 83.gif
108.11.19 12:38 B C:\Documents and Settings\Dave\My Documents\My Pictures\Schiff\Economy\83.htm --> ftp-www.earthlink.net /webdocs 83.htm
108.11.19 12:38 B C:\Documents and Settings\Dave\My Documents\My Pictures\Schiff\Economy\84.gif --> ftp-www.earthlink.net /webdocs 84.gif
108.11.19 12:38 B C:\Documents and Settings\Dave\My Documents\My Pictures\Schiff\Economy\84.htm --> ftp-www.earthlink.net /webdocs 84.htm
108.11.19 12:38 B C:\Documents and Settings\Dave\My Documents\My Pictures\Schiff\Economy\85.gif --> ftp-www.earthlink.net /webdocs 85.gif
108.11.19 12:38 B C:\Documents and Settings\Dave\My Documents\My Pictures\Schiff\Economy\85.htm --> ftp-www.earthlink.net /webdocs 85.htm
108.11.19 12:38 B C:\Documents and Settings\Dave\My Documents\My Pictures\Schiff\Economy\86.gif --> ftp-www.earthlink.net /webdocs 86.gif
108.11.19 12:38 B C:\Documents and Settings\Dave\My Documents\My Pictures\Schiff\Economy\86.htm --> ftp-www.earthlink.net /webdocs 86.htm
108.11.19 12:38 B C:\Documents and Settings\Dave\My Documents\My Pictures\Schiff\Economy\87.gif --> ftp-www.earthlink.net /webdocs 87.gif
108.11.19 12:38 B C:\Documents and Settings\Dave\My Documents\My Pictures\Schiff\Economy\87.htm --> ftp-www.earthlink.net /webdocs 87.htm
108.11.19 12:38 B C:\Documents and Settings\Dave\My Documents\My Pictures\Schiff\Economy\88.gif --> ftp-www.earthlink.net /webdocs 88.gif
108.11.19 12:38 B C:\Documents and Settings\Dave\My Documents\My Pictures\Schiff\Economy\88.htm --> ftp-www.earthlink.net /webdocs 88.htm
108.11.19 12:38 B C:\Documents and Settings\Dave\My Documents\My Pictures\Schiff\Economy\89.gif --> ftp-www.earthlink.net /webdocs 89.gif
108.11.19 12:38 B C:\Documents and Settings\Dave\My Documents\My Pictures\Schiff\Economy\89.htm --> ftp-www.earthlink.net /webdocs 89.htm
108.11.19 12:38 B C:\Documents and Settings\Dave\My Documents\My Pictures\Schiff\Economy\90.gif --> ftp-www.earthlink.net /webdocs 90.gif
108.11.19 12:38 B C:\Documents and Settings\Dave\My Documents\My Pictures\Schiff\Economy\90.htm --> ftp-www.earthlink.net /webdocs 90.htm
108.11.19 12:38 B C:\Documents and Settings\Dave\My Documents\My Pictures\Schiff\Economy\91.gif --> ftp-www.earthlink.net /webdocs 91.gif
108.11.19 12:38 B C:\Documents and Settings\Dave\My Documents\My Pictures\Schiff\Economy\91.htm --> ftp-www.earthlink.net /webdocs 91.htm
108.11.19 12:38 B C:\Documents and Settings\Dave\My Documents\My Pictures\Schiff\Economy\92.gif --> ftp-www.earthlink.net /webdocs 92.gif
108.11.19 12:38 B C:\Documents and Settings\Dave\My Documents\My Pictures\Schiff\Economy\92.htm --> ftp-www.earthlink.net /webdocs 92.htm
108.11.19 12:38 B C:\Documents and Settings\Dave\My Documents\My Pictures\Schiff\Economy\93.gif --> ftp-www.earthlink.net /webdocs 93.gif
108.11.19 12:38 B C:\Documents and Settings\Dave\My Documents\My Pictures\Schiff\Economy\93.htm --> ftp-www.earthlink.net /webdocs 93.htm
108.11.19 12:38 B C:\Documents and Settings\Dave\My Documents\My Pictures\Schiff\Economy\94.gif --> ftp-www.earthlink.net /webdocs 94.gif
108.11.19 12:38 B C:\Documents and Settings\Dave\My Documents\My Pictures\Schiff\Economy\94.htm --> ftp-www.earthlink.net /webdocs 94.htm
108.11.19 12:38 B C:\Documents and Settings\Dave\My Documents\My Pictures\Schiff\Economy\95.gif --> ftp-www.earthlink.net /webdocs 95.gif
108.11.19 12:38 B C:\Documents and Settings\Dave\My Documents\My Pictures\Schiff\Economy\95.htm --> ftp-www.earthlink.net /webdocs 95.htm
108.11.19 12:38 B C:\Documents and Settings\Dave\My Documents\My Pictures\Schiff\Economy\96.gif --> ftp-www.earthlink.net /webdocs 96.gif
108.11.19 12:38 B C:\Documents and Settings\Dave\My Documents\My Pictures\Schiff\Economy\96.htm --> ftp-www.earthlink.net /webdocs 96.htm
108.11.19 12:38 B C:\Documents and Settings\Dave\My Documents\My Pictures\Schiff\Economy\97.gif --> ftp-www.earthlink.net /webdocs 97.gif
108.11.19 12:38 B C:\Documents and Settings\Dave\My Documents\My Pictures\Schiff\Economy\97.htm --> ftp-www.earthlink.net /webdocs 97.htm
108.11.19 12:38 B C:\Documents and Settings\Dave\My Documents\My Pictures\Schiff\Economy\98.gif --> ftp-www.earthlink.net /webdocs 98.gif
108.11.19 12:38 B C:\Documents and Settings\Dave\My Documents\My Pictures\Schiff\Economy\98.htm --> ftp-www.earthlink.net /webdocs 98.htm
108.11.19 12:38 B C:\Documents and Settings\Dave\My Documents\My Pictures\Schiff\Economy\99.gif --> ftp-www.earthlink.net /webdocs 99.gif
108.11.19 12:38 B C:\Documents and Settings\Dave\My Documents\My Pictures\Schiff\Economy\99.htm --> ftp-www.earthlink.net /webdocs 99.htm
108.11.19 12:38 B C:\Documents and Settings\Dave\My Documents\My Pictures\Schiff\Economy\a0.gif --> ftp-www.earthlink.net /webdocs a0.gif
108.11.19 12:38 B C:\Documents and Settings\Dave\My Documents\My Pictures\Schiff\Economy\a0.htm --> ftp-www.earthlink.net /webdocs a0.htm
108.11.19 12:38 B C:\Documents and Settings\Dave\My Documents\My Pictures\Schiff\Economy\a1.gif --> ftp-www.earthlink.net /webdocs a1.gif
108.11.19 12:38 B C:\Documents and Settings\Dave\My Documents\My Pictures\Schiff\Economy\a1.htm --> ftp-www.earthlink.net /webdocs a1.htm
108.11.19 12:38 B C:\Documents and Settings\Dave\My Documents\My Pictures\Schiff\Economy\a2.gif --> ftp-www.earthlink.net /webdocs a2.gif
108.11.19 12:38 B C:\Documents and Settings\Dave\My Documents\My Pictures\Schiff\Economy\a2.htm --> ftp-www.earthlink.net /webdocs a2.htm
108.11.19 12:38 B C:\Documents and Settings\Dave\My Documents\My Pictures\Schiff\Economy\a3.gif --> ftp-www.earthlink.net /webdocs a3.gif
108.11.19 12:38 B C:\Documents and Settings\Dave\My Documents\My Pictures\Schiff\Economy\a3.htm --> ftp-www.earthlink.net /webdocs a3.htm
108.11.19 12:38 B C:\Documents and Settings\Dave\My Documents\My Pictures\Schiff\Economy\a4.gif --> ftp-www.earthlink.net /webdocs a4.gif
108.11.19 12:38 B C:\Documents and Settings\Dave\My Documents\My Pictures\Schiff\Economy\a4.htm --> ftp-www.earthlink.net /webdocs a4.htm
108.11.19 12:38 B C:\Documents and Settings\Dave\My Documents\My Pictures\Schiff\Economy\a5.gif --> ftp-www.earthlink.net /webdocs a5.gif
108.11.19 12:38 B C:\Documents and Settings\Dave\My Documents\My Pictures\Schiff\Economy\a5.htm --> ftp-www.earthlink.net /webdocs a5.htm
108.11.19 12:38 B C:\Documents and Settings\Dave\My Documents\My Pictures\Schiff\Economy\back.jpg --> ftp-www.earthlink.net /webdocs back.jpg
108.11.19 12:38 B C:\Documents and Settings\Dave\My Documents\My Pictures\Schiff\Economy\CoverBack.jpg --> ftp-www.earthlink.net /webdocs CoverBack.jpg
108.11.19 12:38 B C:\Documents and Settings\Dave\My Documents\My Pictures\Schiff\Economy\CoverFront.jpg --> ftp-www.earthlink.net /webdocs CoverFront.jpg
108.11.19 12:38 B C:\Documents and Settings\Dave\My Documents\My Pictures\Schiff\Economy\favicon.ico --> ftp-www.earthlink.net /webdocs favicon.ico
108.11.19 12:38 B C:\Documents and Settings\Dave\My Documents\My Pictures\Schiff\Economy\index.htm --> ftp-www.earthlink.net /webdocs index.htm
108.11.19 12:38 B C:\Documents and Settings\Dave\My Documents\My Pictures\Schiff\Economy\p1.htm --> ftp-www.earthlink.net /webdocs p1.htm
108.11.19 12:38 B C:\Documents and Settings\Dave\My Documents\My Pictures\Schiff\Economy\p1InsideFrontCover.gif --> ftp-www.earthlink.net /webdocs p1InsideFrontCover.gif
108.11.19 12:38 B C:\Documents and Settings\Dave\My Documents\My Pictures\Schiff\Economy\p2.htm --> ftp-www.earthlink.net /webdocs p2.htm
108.11.19 12:38 B C:\Documents and Settings\Dave\My Documents\My Pictures\Schiff\Economy\p2TitlePage.gif --> ftp-www.earthlink.net /webdocs p2TitlePage.gif
108.11.19 12:38 B C:\Documents and Settings\Dave\My Documents\My Pictures\Schiff\Economy\p3.htm --> ftp-www.earthlink.net /webdocs p3.htm
108.11.19 12:38 B C:\Documents and Settings\Dave\My Documents\My Pictures\Schiff\Economy\p3OtherBooks.gif --> ftp-www.earthlink.net /webdocs p3OtherBooks.gif
108.11.19 12:38 B C:\Documents and Settings\Dave\My Documents\My Pictures\Schiff\Economy\p4.htm --> ftp-www.earthlink.net /webdocs p4.htm
108.11.19 12:38 B C:\Documents and Settings\Dave\My Documents\My Pictures\Schiff\Economy\p4Dedication.gif --> ftp-www.earthlink.net /webdocs p4Dedication.gif
108.11.19 12:38 B C:\Documents and Settings\Dave\My Documents\My Pictures\Schiff\Economy\p5.htm --> ftp-www.earthlink.net /webdocs p5.htm
108.11.19 12:38 B C:\Documents and Settings\Dave\My Documents\My Pictures\Schiff\Economy\p5AuthorBio.gif --> ftp-www.earthlink.net /webdocs p5AuthorBio.gif
108.11.19 12:38 B C:\Documents and Settings\Dave\My Documents\My Pictures\Schiff\Economy\theindex.htm --> ftp-www.earthlink.net /webdocs theindex.htm
113.04.08 15:23 B C:\Users\Administrator\Pictures\Schiff\Economy\index.htm --> ftp-www.earthlink.net /webdocs index.htm
